2026-06-02 01:23:59 [INFO] Database ready: /home/user/Wake-/cruisedig.db
2026-06-02 01:23:59 [INFO] Discovering ships page 1/15 …
2026-06-02 01:24:01 [INFO]   Page 0 → 20 new slugs (total 20)
2026-06-02 01:24:02 [INFO] Discovering ships page 2/15 …
2026-06-02 01:24:03 [INFO]   Page 1 → 20 new slugs (total 40)
2026-06-02 01:24:04 [INFO] Discovering ships page 3/15 …
2026-06-02 01:24:05 [INFO]   Page 2 → 20 new slugs (total 60)
2026-06-02 01:24:07 [INFO] Discovering ships page 4/15 …
2026-06-02 01:24:08 [INFO]   Page 3 → 20 new slugs (total 80)
2026-06-02 01:24:09 [INFO] Discovering ships page 5/15 …
2026-06-02 01:24:10 [INFO]   Page 4 → 20 new slugs (total 100)
2026-06-02 01:24:11 [INFO] Discovering ships page 6/15 …
2026-06-02 01:24:11 [INFO]   Page 5 → 20 new slugs (total 120)
2026-06-02 01:24:14 [INFO] Discovering ships page 7/15 …
2026-06-02 01:24:14 [INFO]   Page 6 → 20 new slugs (total 140)
2026-06-02 01:24:16 [INFO] Discovering ships page 8/15 …
2026-06-02 01:24:17 [INFO]   Page 7 → 20 new slugs (total 160)
2026-06-02 01:24:19 [INFO] Discovering ships page 9/15 …
2026-06-02 01:24:19 [INFO]   Page 8 → 20 new slugs (total 180)
2026-06-02 01:24:22 [INFO] Discovering ships page 10/15 …
2026-06-02 01:24:22 [INFO]   Page 9 → 20 new slugs (total 200)
2026-06-02 01:24:23 [INFO] Discovering ships page 11/15 …
2026-06-02 01:24:24 [INFO]   Page 10 → 20 new slugs (total 220)
2026-06-02 01:24:26 [INFO] Discovering ships page 12/15 …
2026-06-02 01:24:27 [INFO]   Page 11 → 20 new slugs (total 240)
2026-06-02 01:24:29 [INFO] Discovering ships page 13/15 …
2026-06-02 01:24:29 [INFO]   Page 12 → 20 new slugs (total 260)
2026-06-02 01:24:31 [INFO] Discovering ships page 14/15 …
2026-06-02 01:24:32 [INFO]   Page 13 → 20 new slugs (total 280)
2026-06-02 01:24:34 [INFO] Discovering ships page 15/15 …
2026-06-02 01:24:34 [INFO]   Page 14 → 5 new slugs (total 285)
2026-06-02 01:24:35 [INFO] Discovery complete: 285 ships
2026-06-02 01:24:38 [INFO]   [explora-ii] fetching voyage page 1
2026-06-02 01:24:41 [INFO]   [explora-ii] fetching voyage page 2
2026-06-02 01:24:44 [INFO]   [explora-ii] fetching voyage page 3
2026-06-02 01:24:47 [INFO]   [explora-ii] fetching voyage page 4
2026-06-02 01:24:50 [INFO]   [explora-i] fetching voyage page 1
2026-06-02 01:24:52 [INFO]   [explora-i] fetching voyage page 2
2026-06-02 01:24:55 [INFO]   [explora-i] fetching voyage page 3
2026-06-02 01:24:58 [INFO]   [explora-i] fetching voyage page 4
2026-06-02 01:25:02 [INFO]   [carnival-firenze] fetching voyage page 1
2026-06-02 01:25:05 [INFO]   [carnival-firenze] fetching voyage page 2
2026-06-02 01:25:09 [INFO]   [carnival-firenze] fetching voyage page 3
2026-06-02 01:25:10 [INFO] Exported itineraries.json: 0 ports, 0 call records
2026-06-02 01:31:47 [INFO] Database ready: /home/user/Wake-/cruisedig.db
2026-06-02 01:31:47 [INFO] Discovering ships page 1/15 …
2026-06-02 01:31:47 [INFO]   Page 0: +20 slugs (total 20)
2026-06-02 01:31:48 [INFO] Discovering ships page 2/15 …
2026-06-02 01:31:49 [INFO]   Page 1: +20 slugs (total 40)
2026-06-02 01:31:50 [INFO] Discovering ships page 3/15 …
2026-06-02 01:31:50 [INFO]   Page 2: +20 slugs (total 60)
2026-06-02 01:31:52 [INFO] Discovering ships page 4/15 …
2026-06-02 01:31:52 [INFO]   Page 3: +20 slugs (total 80)
2026-06-02 01:31:54 [INFO] Discovering ships page 5/15 …
2026-06-02 01:31:54 [INFO]   Page 4: +20 slugs (total 100)
2026-06-02 01:31:55 [INFO] Discovering ships page 6/15 …
2026-06-02 01:31:56 [INFO]   Page 5: +20 slugs (total 120)
2026-06-02 01:31:58 [INFO] Discovering ships page 7/15 …
2026-06-02 01:31:58 [INFO]   Page 6: +20 slugs (total 140)
2026-06-02 01:32:00 [INFO] Discovering ships page 8/15 …
2026-06-02 01:32:01 [INFO]   Page 7: +20 slugs (total 160)
2026-06-02 01:32:03 [INFO] Discovering ships page 9/15 …
2026-06-02 01:32:03 [INFO]   Page 8: +20 slugs (total 180)
2026-06-02 01:32:05 [INFO] Discovering ships page 10/15 …
2026-06-02 01:32:05 [INFO]   Page 9: +20 slugs (total 200)
2026-06-02 01:32:07 [INFO] Discovering ships page 11/15 …
2026-06-02 01:32:07 [INFO]   Page 10: +20 slugs (total 220)
2026-06-02 01:32:09 [INFO] Discovering ships page 12/15 …
2026-06-02 01:32:09 [INFO]   Page 11: +20 slugs (total 240)
2026-06-02 01:32:11 [INFO] Discovering ships page 13/15 …
2026-06-02 01:32:11 [INFO]   Page 12: +20 slugs (total 260)
2026-06-02 01:32:13 [INFO] Discovering ships page 14/15 …
2026-06-02 01:32:13 [INFO]   Page 13: +20 slugs (total 280)
2026-06-02 01:32:15 [INFO] Discovering ships page 15/15 …
2026-06-02 01:32:15 [INFO]   Page 14: +5 slugs (total 285)
2026-06-02 01:32:17 [INFO] Discovery complete: 285 ships
2026-06-02 01:33:20 [INFO]   [explora-ii] page 0 → 30 voyages on page (total 30)
2026-06-02 01:33:34 [INFO]   [explora-ii] page 1 → 30 voyages on page (total 60)
2026-06-02 01:33:35 [INFO]   [explora-ii] page 2 → 30 voyages on page (total 90)
2026-06-02 01:33:37 [INFO]   [explora-ii] page 3 → 30 voyages on page (total 120)
2026-06-02 01:33:38 [INFO]   [explora-ii] page 4 → 25 voyages on page (total 145)
2026-06-02 01:34:39 [INFO]   [explora-i] page 0 → 30 voyages on page (total 30)
2026-06-02 01:34:59 [INFO]   [explora-i] page 1 → 30 voyages on page (total 60)
2026-06-02 01:35:01 [INFO]   [explora-i] page 2 → 30 voyages on page (total 90)
2026-06-02 01:35:03 [INFO]   [explora-i] page 3 → 30 voyages on page (total 120)
2026-06-02 01:35:05 [INFO]   [explora-i] page 4 → 7 voyages on page (total 127)
2026-06-02 01:35:57 [INFO]   [carnival-firenze] page 0 → 30 voyages on page (total 30)
2026-06-02 01:36:00 [INFO]   [carnival-firenze] page 1 → 30 voyages on page (total 60)
2026-06-02 01:36:02 [INFO]   [carnival-firenze] page 2 → 30 voyages on page (total 90)
2026-06-02 01:36:04 [INFO]   [carnival-firenze] page 3 → 19 voyages on page (total 109)
2026-06-02 01:36:04 [INFO] Exported itineraries.json: 49 ports, 232 call records
2026-06-02 01:37:24 [INFO] Database ready: /home/user/Wake-/cruisedig.db
2026-06-02 01:37:24 [INFO] Database ready: /home/user/Wake-/cruisedig.db
2026-06-02 01:37:24 [INFO] Adding job tentatively -- it will be properly scheduled when the scheduler starts
